26-07-25.14:25:37.176 [main            ] WARN  ClassPathMapperScanner - No MyBatis mapper was found in '[cn.bugstack.ai]' package. Please check your configuration.
26-07-25.14:25:40.181 [ForkJoinPool.commonPool-worker-1] ERROR HttpClientSseClientTransport - SSE connection error
java.util.concurrent.CompletionException: java.lang.RuntimeException: Failed to connect to SSE stream. Unexpected status code: 401
	at java.base/java.util.concurrent.CompletableFuture.encodeThrowable(CompletableFuture.java:315)
	at java.base/java.util.concurrent.CompletableFuture.completeThrowable(CompletableFuture.java:320)
	at java.base/java.util.concurrent.CompletableFuture$UniAccept.tryFire$$$capture(CompletableFuture.java:722)
	at java.base/java.util.concurrent.CompletableFuture$UniAccept.tryFire(CompletableFuture.java)
	at java.base/java.util.concurrent.CompletableFuture.postComplete(CompletableFuture.java:510)
	at java.base/java.util.concurrent.CompletableFuture.postFire(CompletableFuture.java:614)
	at java.base/java.util.concurrent.CompletableFuture$UniWhenComplete.tryFire(CompletableFuture.java:844)
	at java.base/java.util.concurrent.CompletableFuture$Completion.exec(CompletableFuture.java:483)
	at java.base/java.util.concurrent.ForkJoinTask.doExec$$$capture(ForkJoinTask.java:373)
	at java.base/java.util.concurrent.ForkJoinTask.doExec(ForkJoinTask.java)
	at java.base/java.util.concurrent.ForkJoinPool$WorkQueue.topLevelExec(ForkJoinPool.java:1182)
	at java.base/java.util.concurrent.ForkJoinPool.scan(ForkJoinPool.java:1655)
	at java.base/java.util.concurrent.ForkJoinPool.runWorker(ForkJoinPool.java:1622)
	at java.base/java.util.concurrent.ForkJoinWorkerThread.run(ForkJoinWorkerThread.java:165)
Caused by: java.lang.RuntimeException: Failed to connect to SSE stream. Unexpected status code: 401
	at io.modelcontextprotocol.client.transport.FlowSseClient.lambda$subscribe$2(FlowSseClient.java:202)
	at java.base/java.util.concurrent.CompletableFuture$UniAccept.tryFire$$$capture(CompletableFuture.java:718)
	... 11 common frames omitted
26-07-25.14:25:40.184 [ForkJoinPool.commonPool-worker-1] ERROR Operators              - Operator called default onErrorDropped
reactor.core.Exceptions$ErrorCallbackNotImplemented: java.lang.RuntimeException: Failed to connect to SSE stream. Unexpected status code: 401
Caused by: java.lang.RuntimeException: Failed to connect to SSE stream. Unexpected status code: 401
	at io.modelcontextprotocol.client.transport.FlowSseClient.lambda$subscribe$2(FlowSseClient.java:202)
	at java.base/java.util.concurrent.CompletableFuture$UniAccept.tryFire$$$capture(CompletableFuture.java:718)
	at java.base/java.util.concurrent.CompletableFuture$UniAccept.tryFire(CompletableFuture.java)
	at java.base/java.util.concurrent.CompletableFuture.postComplete(CompletableFuture.java:510)
	at java.base/java.util.concurrent.CompletableFuture.postFire(CompletableFuture.java:614)
	at java.base/java.util.concurrent.CompletableFuture$UniWhenComplete.tryFire(CompletableFuture.java:844)
	at java.base/java.util.concurrent.CompletableFuture$Completion.exec(CompletableFuture.java:483)
	at java.base/java.util.concurrent.ForkJoinTask.doExec$$$capture(ForkJoinTask.java:373)
	at java.base/java.util.concurrent.ForkJoinTask.doExec(ForkJoinTask.java)
	at java.base/java.util.concurrent.ForkJoinPool$WorkQueue.topLevelExec(ForkJoinPool.java:1182)
	at java.base/java.util.concurrent.ForkJoinPool.scan(ForkJoinPool.java:1655)
	at java.base/java.util.concurrent.ForkJoinPool.runWorker(ForkJoinPool.java:1622)
	at java.base/java.util.concurrent.ForkJoinWorkerThread.run(ForkJoinWorkerThread.java:165)
26-07-25.14:27:26.595 [main            ] WARN  ClassPathMapperScanner - No MyBatis mapper was found in '[cn.bugstack.ai]' package. Please check your configuration.
26-07-25.14:28:59.730 [main            ] WARN  ClassPathMapperScanner - No MyBatis mapper was found in '[cn.bugstack.ai]' package. Please check your configuration.
26-07-25.14:29:26.693 [main            ] WARN  ClassPathMapperScanner - No MyBatis mapper was found in '[cn.bugstack.ai]' package. Please check your configuration.
26-07-25.14:33:19.064 [main            ] WARN  ClassPathMapperScanner - No MyBatis mapper was found in '[cn.bugstack.ai]' package. Please check your configuration.
26-07-25.21:45:46.807 [main            ] WARN  ClassPathMapperScanner - No MyBatis mapper was found in '[cn.bugstack.ai]' package. Please check your configuration.
